

================================================================
== Synthesis Summary Report of 'lzw_compress_hw'
================================================================
+ General Information: 
    * Date:           Sun Dec  8 17:57:40 2024
    * Version:        2020.2 (Build 3064766 on Wed Nov 18 09:12:47 MST 2020)
    * Project:        lzw_compress
    * Solution:       solution1 (Vitis Kernel Flow Target)
    * Product family: zynquplus
    * Target device:  xczu3eg-sbva484-1-i
    

+ Performance & Resource Estimates: 
    
    PS: '+' for module; 'o' for loop; '*' for dataflow
    +---------------------+--------+-------+---------+-----------+----------+---------+-------+----------+-----------+----+-----------+-------------+-----+
    |       Modules       |  Issue |       | Latency |  Latency  | Iteration|         |  Trip |          |           |    |           |             |     |
    |       & Loops       |  Type  | Slack | (cycles)|    (ns)   |  Latency | Interval| Count | Pipelined|   BRAM    | DSP|     FF    |     LUT     | URAM|
    +---------------------+--------+-------+---------+-----------+----------+---------+-------+----------+-----------+----+-----------+-------------+-----+
    |+ lzw_compress_hw    |  Timing|   0.00|        -|          -|         -|        -|      -|        no|  120 (27%)|   -|  6019 (4%)|  14369 (20%)|    -|
    | o loop_copy_in      |       -|  -4.87|     2049|  1.366e+04|         3|        1|   2048|       yes|          -|   -|          -|            -|    -|
    | o VITIS_LOOP_386_1  |       -|  -4.87|    32768|  2.185e+05|         1|        1|  32768|       yes|          -|   -|          -|            -|    -|
    | o VITIS_LOOP_391_2  |       -|  -4.87|      512|  3.414e+03|         1|        1|    512|       yes|          -|   -|          -|            -|    -|
    | o VITIS_LOOP_405_3  |      II|  -4.87|        -|          -|        15|       14|      -|       yes|          -|   -|          -|            -|    -|
    | o VITIS_LOOP_438_4  |      II|  -4.87|        -|          -|         3|        2|      -|       yes|          -|   -|          -|            -|    -|
    | o loop_copy_out     |       -|  -4.87|     2049|  1.366e+04|         3|        1|   2048|       yes|          -|   -|          -|            -|    -|
    +---------------------+--------+-------+---------+-----------+----------+---------+-------+----------+-----------+----+-----------+-------------+-----+

