

================================================================
== Synthesis Summary Report of 'lzw_compress'
================================================================
+ General Information: 
    * Date:           Thu Nov 21 16:55:33 2024
    * Version:        2020.2 (Build 3064766 on Wed Nov 18 09:12:47 MST 2020)
    * Project:        lzw
    * Solution:       solution1 (Vitis Kernel Flow Target)
    * Product family: zynquplus
    * Target device:  xczu3eg-sbva484-1-i
    

+ Performance & Resource Estimates: 
    
    PS: '+' for module; 'o' for loop; '*' for dataflow
    +---------------------+--------+-------+---------+-----------+----------+---------+-------+----------+----------+----+-----------+------------+-----+
    |       Modules       |  Issue |       | Latency |  Latency  | Iteration|         |  Trip |          |          |    |           |            |     |
    |       & Loops       |  Type  | Slack | (cycles)|    (ns)   |  Latency | Interval| Count | Pipelined|   BRAM   | DSP|     FF    |     LUT    | URAM|
    +---------------------+--------+-------+---------+-----------+----------+---------+-------+----------+----------+----+-----------+------------+-----+
    |+ lzw_compress       |  Timing|   0.00|        -|          -|         -|        -|      -|        no|  68 (15%)|   -|  2958 (2%)|  9405 (13%)|    -|
    | o VITIS_LOOP_173_1  |       -|  -4.87|    32768|  2.185e+05|         1|        1|  32768|       yes|         -|   -|          -|           -|    -|
    | o VITIS_LOOP_178_2  |       -|  -4.87|      512|  3.414e+03|         1|        1|    512|       yes|         -|   -|          -|           -|    -|
    | o VITIS_LOOP_200_3  |      II|  -4.87|        -|          -|       155|       85|      -|       yes|         -|   -|          -|           -|    -|
    +---------------------+--------+-------+---------+-----------+----------+---------+-------+----------+----------+----+-----------+------------+-----+

